[www.konnectplugins.com/proclinic/Horizontal/index.html]
[backblue.gif]
[fade.gif]
[index.html]
[www.konnectplugins.com/proclinic/Horizontal/images/fav.png]
[www.konnectplugins.com/proclinic/Horizontal/js/modernizr.min.js]
[www.konnectplugins.com/proclinic/Horizontal/images/logo-dark.png]
[www.konnectplugins.com/proclinic/Horizontal/add-patient.html]
[www.konnectplugins.com/proclinic/Horizontal/patients.html]
[www.konnectplugins.com/proclinic/Horizontal/about-patient.html]
[www.konnectplugins.com/proclinic/Horizontal/edit-patient.html]
[www.konnectplugins.com/proclinic/Horizontal/add-doctor.html]
[www.konnectplugins.com/proclinic/Horizontal/doctors.html]
[www.konnectplugins.com/proclinic/Horizontal/about-doctor.html]
[www.konnectplugins.com/proclinic/Horizontal/edit-doctor.html]
[www.konnectplugins.com/proclinic/Horizontal/add-appointment.html]
[www.konnectplugins.com/proclinic/Horizontal/appointments.html]
[www.konnectplugins.com/proclinic/Horizontal/about-appointment.html]
[www.konnectplugins.com/proclinic/Horizontal/edit-appointment.html]
[www.konnectplugins.com/proclinic/Horizontal/add-payment.html]
[www.konnectplugins.com/proclinic/Horizontal/payments.html]
[www.konnectplugins.com/proclinic/Horizontal/about-payment.html]
[www.konnectplugins.com/proclinic/Horizontal/add-room.html]
[www.konnectplugins.com/proclinic/Horizontal/rooms.html]
[www.konnectplugins.com/proclinic/Horizontal/edit-room.html]
[www.konnectplugins.com/proclinic/Horizontal/typography.html]
[www.konnectplugins.com/proclinic/Horizontal/buttons.html]
[www.konnectplugins.com/proclinic/Horizontal/cards.html]
[www.konnectplugins.com/proclinic/Horizontal/tabs.html]
[www.konnectplugins.com/proclinic/Horizontal/accordions.html]
[www.konnectplugins.com/proclinic/Horizontal/modals.html]
[www.konnectplugins.com/proclinic/Horizontal/lists.html]
[www.konnectplugins.com/proclinic/Horizontal/grid.html]
[www.konnectplugins.com/proclinic/Horizontal/progress-bars.html]
[www.konnectplugins.com/proclinic/Horizontal/notifications-alerts.html]
[www.konnectplugins.com/proclinic/Horizontal/pagination.html]
[www.konnectplugins.com/proclinic/Horizontal/carousel.html]
[www.konnectplugins.com/proclinic/Horizontal/tables.html]
[www.konnectplugins.com/proclinic/Horizontal/charts-1.html]
[www.konnectplugins.com/proclinic/Horizontal/charts-2.html]
[www.konnectplugins.com/proclinic/Horizontal/map-1.html]
[www.konnectplugins.com/proclinic/Horizontal/map-2.html]
[www.konnectplugins.com/proclinic/Horizontal/forms.html]
[www.konnectplugins.com/proclinic/Horizontal/font-awesome.html]
[www.konnectplugins.com/proclinic/Horizontal/themify.html]
[www.konnectplugins.com/proclinic/Horizontal/login.html]
[www.konnectplugins.com/proclinic/Horizontal/sign-up.html]
[www.konnectplugins.com/proclinic/Horizontal/404.html]
[www.konnectplugins.com/proclinic/Horizontal/blank-page.html]
[www.konnectplugins.com/proclinic/Horizontal/pricing.html]
[www.konnectplugins.com/proclinic/Horizontal/faq.html]
[www.konnectplugins.com/proclinic/Horizontal/invoice.html]
[www.konnectplugins.com/proclinic/Horizontal/js/jquery-3.2.1.min.js]
[www.konnectplugins.com/proclinic/Horizontal/js/popper.min.js]
[www.konnectplugins.com/proclinic/Horizontal/js/bootstrap.min.js]
[www.konnectplugins.com/proclinic/Horizontal/charts/js/raphael-min.js]
[www.konnectplugins.com/proclinic/Horizontal/charts/js/morris.min.js]
[www.konnectplugins.com/proclinic/Horizontal/js/custom-morris.js]
[www.konnectplugins.com/proclinic/Horizontal/js/custom.js]
[www.konnectplugins.com/proclinic/Horizontal/index.html]
[www.konnectplugins.com/proclinic/Horizontal/css/bootstrap.min.css]
[www.konnectplugins.com/proclinic/Horizontal/fonts/themify9f24.eot]
[www.konnectplugins.com/proclinic/Horizontal/fonts/themifyd41d.eot]
[www.konnectplugins.com/proclinic/Horizontal/fonts/themify9f24.woff]
[www.konnectplugins.com/proclinic/Horizontal/fonts/themify9f24.ttf]
[www.konnectplugins.com/proclinic/Horizontal/css/themify-icons.css]
[www.konnectplugins.com/proclinic/Horizontal/css/animate.css]
[www.konnectplugins.com/proclinic/Horizontal/css/styles.css]
[www.konnectplugins.com/proclinic/Horizontal/css/green.css]
[www.konnectplugins.com/proclinic/Horizontal/css/responsive.css]
[www.konnectplugins.com/proclinic/Horizontal/charts/css/morris.css]
[www.konnectplugins.com/proclinic/Horizontal/css/jquery-jvectormap.css]
[www.konnectplugins.com/proclinic/Horizontal/datatable/jquery.dataTables.min.js]
[www.konnectplugins.com/proclinic/Horizontal/datatable/dataTables.bootstrap4.min.js]
[www.konnectplugins.com/proclinic/Horizontal/add-patient.html]
[www.konnectplugins.com/proclinic/Horizontal/js/custom-datatables.js]
[www.konnectplugins.com/proclinic/Horizontal/patients.html]
[www.konnectplugins.com/proclinic/Horizontal/about-patient.html]
[www.konnectplugins.com/proclinic/Horizontal/edit-patient.html]
[www.konnectplugins.com/proclinic/Horizontal/add-doctor.html]
[www.konnectplugins.com/proclinic/Horizontal/doctors.html]
[www.konnectplugins.com/proclinic/Horizontal/images/doctor.jpg]
[www.konnectplugins.com/proclinic/Horizontal/about-doctor.html]
[www.konnectplugins.com/proclinic/Horizontal/edit-doctor.html]
[www.konnectplugins.com/proclinic/Horizontal/add-appointment.html]
[www.konnectplugins.com/proclinic/Horizontal/appointments.html]
[www.konnectplugins.com/proclinic/Horizontal/about-appointment.html]
[www.konnectplugins.com/proclinic/Horizontal/edit-appointment.html]
[www.konnectplugins.com/proclinic/Horizontal/add-payment.html]
[www.konnectplugins.com/proclinic/Horizontal/payments.html]
[www.konnectplugins.com/proclinic/Horizontal/about-payment.html]
[www.konnectplugins.com/proclinic/Horizontal/add-room.html]
[www.konnectplugins.com/proclinic/Horizontal/rooms.html]
[www.konnectplugins.com/proclinic/Horizontal/edit-room.html]
[www.konnectplugins.com/proclinic/Horizontal/typography.html]
[www.konnectplugins.com/proclinic/Horizontal/buttons.html]
[www.konnectplugins.com/proclinic/Horizontal/images/card-1.jpg]
[www.konnectplugins.com/proclinic/Horizontal/images/card-2.jpg]
[www.konnectplugins.com/proclinic/Horizontal/cards.html]
[www.konnectplugins.com/proclinic/Horizontal/tabs.html]
[www.konnectplugins.com/proclinic/Horizontal/accordions.html]
[www.konnectplugins.com/proclinic/Horizontal/modals.html]
[www.konnectplugins.com/proclinic/Horizontal/images/user1.png]
[www.konnectplugins.com/proclinic/Horizontal/images/user2.png]
[www.konnectplugins.com/proclinic/Horizontal/images/user3.png]
[www.konnectplugins.com/proclinic/Horizontal/lists.html]
[www.konnectplugins.com/proclinic/Horizontal/grid.html]
[www.konnectplugins.com/proclinic/Horizontal/progress-bars.html]
[www.konnectplugins.com/proclinic/Horizontal/notifications-alerts.html]
[www.konnectplugins.com/proclinic/Horizontal/pagination.html]
[www.konnectplugins.com/proclinic/Horizontal/images/slide1.jpg]
[www.konnectplugins.com/proclinic/Horizontal/images/slide2.jpg]
[www.konnectplugins.com/proclinic/Horizontal/images/slide3.jpg]
[www.konnectplugins.com/proclinic/Horizontal/carousel.html]
[www.konnectplugins.com/proclinic/Horizontal/tables.html]
[www.konnectplugins.com/proclinic/Horizontal/charts-1.html]
[www.konnectplugins.com/proclinic/Horizontal/charts/js/jquery.flot.min.js]
[www.konnectplugins.com/proclinic/Horizontal/charts/js/jquery.flot.time.min.js]
[www.konnectplugins.com/proclinic/Horizontal/js/custom-flot.js]
[www.konnectplugins.com/proclinic/Horizontal/charts-2.html]
[www.konnectplugins.com/proclinic/Horizontal/js/custom-gmap.js]
[www.konnectplugins.com/proclinic/Horizontal/map-1.html]
[www.konnectplugins.com/proclinic/Horizontal/js/jquery-jvectormap.min.js]
[www.konnectplugins.com/proclinic/Horizontal/js/jquery-jvectormap-world-mill.js]
[www.konnectplugins.com/proclinic/Horizontal/js/jquery.vmap.usa.js]
[www.konnectplugins.com/proclinic/Horizontal/js/jquery.vmap.india.js]
[www.konnectplugins.com/proclinic/Horizontal/js/custom-vector.js]
[www.konnectplugins.com/proclinic/Horizontal/map-2.html]
[www.konnectplugins.com/proclinic/Horizontal/forms.html]
[www.konnectplugins.com/proclinic/Horizontal/font-awesome.html]
[www.konnectplugins.com/proclinic/Horizontal/themify.html]
[www.konnectplugins.com/proclinic/Horizontal/login.html]
[www.konnectplugins.com/proclinic/Horizontal/sign-up.html]
[www.konnectplugins.com/proclinic/Horizontal/404.html]
[www.konnectplugins.com/proclinic/Horizontal/blank-page.html]
[www.konnectplugins.com/proclinic/Horizontal/pricing.html]
[www.konnectplugins.com/proclinic/Horizontal/faq.html]
[www.konnectplugins.com/proclinic/Horizontal/invoice.html]
[www.konnectplugins.com/proclinic/Horizontal/fonts/themify9f24.svg]
[www.konnectplugins.com/proclinic/Horizontal/datatable/dataTables.bootstrap4.min.css]
[www.konnectplugins.com/proclinic/Horizontal/fonts/fontawesome-webfont3e6e.eot]
[www.konnectplugins.com/proclinic/Horizontal/fonts/fontawesome-webfontd41d.eot]
[www.konnectplugins.com/proclinic/Horizontal/fonts/fontawesome-webfont3e6e.woff]
[www.konnectplugins.com/proclinic/Horizontal/fonts/fontawesome-webfont3e6e.ttf]
[www.konnectplugins.com/proclinic/Horizontal/css/font-awesome.min.css]
[www.konnectplugins.com/proclinic/Horizontal/fonts/fontawesome-webfont3e6e.html]
[www.konnectplugins.com/proclinic/Horizontal/fonts/fontawesome-webfont3e6e.svg]
